 
****************************************
check_design summary:
Version:     R-2020.09-SP4
Date:        Sun Dec 11 23:03:17 2022
****************************************

                   Name                                            Total
--------------------------------------------------------------------------------
Cells                                                             134
    Hier pins without driver and load (LINT-60)                   134
--------------------------------------------------------------------------------

Warning: In design 'datapath', input pin 'ID_EX_ctrl_word_i[mem_byte_en][3]' of hierarchical cell 'ID_EX' has no internal loads and is not connected to any nets. (LINT-60)
Warning: In design 'datapath', input pin 'ID_EX_ctrl_word_i[pcmux_sel][1]' of hierarchical cell 'ID_EX' has no internal loads and is not connected to any nets. (LINT-60)
Warning: In design 'datapath', input pin 'ID_EX_ctrl_word_i[pcmux_sel][0]' of hierarchical cell 'ID_EX' has no internal loads and is not connected to any nets. (LINT-60)
Warning: In design 'datapath', input pin 'ID_EX_ctrl_word_i[cmpmux_sel]' of hierarchical cell 'ID_EX' has no internal loads and is not connected to any nets. (LINT-60)
Warning: In design 'datapath', input pin 'ID_EX_ctrl_word_i[cmpop][2]' of hierarchical cell 'ID_EX' has no internal loads and is not connected to any nets. (LINT-60)
Warning: In design 'datapath', input pin 'ID_EX_ctrl_word_i[cmpop][1]' of hierarchical cell 'ID_EX' has no internal loads and is not connected to any nets. (LINT-60)
Warning: In design 'datapath', input pin 'ID_EX_ctrl_word_i[cmpop][0]' of hierarchical cell 'ID_EX' has no internal loads and is not connected to any nets. (LINT-60)
Warning: In design 'datapath', input pin 'EX_ctrl_word_i[funct3][2]' of hierarchical cell 'EX' has no internal loads and is not connected to any nets. (LINT-60)
Warning: In design 'datapath', input pin 'EX_ctrl_word_i[funct3][1]' of hierarchical cell 'EX' has no internal loads and is not connected to any nets. (LINT-60)
Warning: In design 'datapath', input pin 'EX_ctrl_word_i[funct3][0]' of hierarchical cell 'EX' has no internal loads and is not connected to any nets. (LINT-60)
Warning: In design 'datapath', input pin 'EX_ctrl_word_i[funct7][6]' of hierarchical cell 'EX' has no internal loads and is not connected to any nets. (LINT-60)
Warning: In design 'datapath', input pin 'EX_ctrl_word_i[funct7][5]' of hierarchical cell 'EX' has no internal loads and is not connected to any nets. (LINT-60)
Warning: In design 'datapath', input pin 'EX_ctrl_word_i[funct7][4]' of hierarchical cell 'EX' has no internal loads and is not connected to any nets. (LINT-60)
Warning: In design 'datapath', input pin 'EX_ctrl_word_i[funct7][3]' of hierarchical cell 'EX' has no internal loads and is not connected to any nets. (LINT-60)
Warning: In design 'datapath', input pin 'EX_ctrl_word_i[funct7][2]' of hierarchical cell 'EX' has no internal loads and is not connected to any nets. (LINT-60)
Warning: In design 'datapath', input pin 'EX_ctrl_word_i[funct7][1]' of hierarchical cell 'EX' has no internal loads and is not connected to any nets. (LINT-60)
Warning: In design 'datapath', input pin 'EX_ctrl_word_i[funct7][0]' of hierarchical cell 'EX' has no internal loads and is not connected to any nets. (LINT-60)
Warning: In design 'datapath', input pin 'EX_ctrl_word_i[pcmux_sel][1]' of hierarchical cell 'EX' has no internal loads and is not connected to any nets. (LINT-60)
Warning: In design 'datapath', input pin 'EX_ctrl_word_i[pcmux_sel][0]' of hierarchical cell 'EX' has no internal loads and is not connected to any nets. (LINT-60)
Warning: In design 'datapath', input pin 'EX_ctrl_word_i[cmpmux_sel]' of hierarchical cell 'EX' has no internal loads and is not connected to any nets. (LINT-60)
Warning: In design 'datapath', input pin 'EX_ctrl_word_i[cmpop][2]' of hierarchical cell 'EX' has no internal loads and is not connected to any nets. (LINT-60)
Warning: In design 'datapath', input pin 'EX_ctrl_word_i[cmpop][1]' of hierarchical cell 'EX' has no internal loads and is not connected to any nets. (LINT-60)
Warning: In design 'datapath', input pin 'EX_ctrl_word_i[cmpop][0]' of hierarchical cell 'EX' has no internal loads and is not connected to any nets. (LINT-60)
Warning: In design 'datapath', input pin 'EX_b_imm_i[0]' of hierarchical cell 'EX' has no internal loads and is not connected to any nets. (LINT-60)
Warning: In design 'datapath', input pin 'EX_u_imm_i[11]' of hierarchical cell 'EX' has no internal loads and is not connected to any nets. (LINT-60)
Warning: In design 'datapath', input pin 'EX_u_imm_i[10]' of hierarchical cell 'EX' has no internal loads and is not connected to any nets. (LINT-60)
Warning: In design 'datapath', input pin 'EX_u_imm_i[9]' of hierarchical cell 'EX' has no internal loads and is not connected to any nets. (LINT-60)
Warning: In design 'datapath', input pin 'EX_u_imm_i[8]' of hierarchical cell 'EX' has no internal loads and is not connected to any nets. (LINT-60)
Warning: In design 'datapath', input pin 'EX_u_imm_i[7]' of hierarchical cell 'EX' has no internal loads and is not connected to any nets. (LINT-60)
Warning: In design 'datapath', input pin 'EX_u_imm_i[6]' of hierarchical cell 'EX' has no internal loads and is not connected to any nets. (LINT-60)
Warning: In design 'datapath', input pin 'EX_u_imm_i[5]' of hierarchical cell 'EX' has no internal loads and is not connected to any nets. (LINT-60)
Warning: In design 'datapath', input pin 'EX_u_imm_i[4]' of hierarchical cell 'EX' has no internal loads and is not connected to any nets. (LINT-60)
Warning: In design 'datapath', input pin 'EX_u_imm_i[3]' of hierarchical cell 'EX' has no internal loads and is not connected to any nets. (LINT-60)
Warning: In design 'datapath', input pin 'EX_u_imm_i[2]' of hierarchical cell 'EX' has no internal loads and is not connected to any nets. (LINT-60)
Warning: In design 'datapath', input pin 'EX_u_imm_i[1]' of hierarchical cell 'EX' has no internal loads and is not connected to any nets. (LINT-60)
Warning: In design 'datapath', input pin 'EX_u_imm_i[0]' of hierarchical cell 'EX' has no internal loads and is not connected to any nets. (LINT-60)
Warning: In design 'datapath', input pin 'EX_j_imm_i[0]' of hierarchical cell 'EX' has no internal loads and is not connected to any nets. (LINT-60)
Warning: In design 'datapath', input pin 'EX_from_MEM_u_imm_i[11]' of hierarchical cell 'EX' has no internal loads and is not connected to any nets. (LINT-60)
Warning: In design 'datapath', input pin 'EX_from_MEM_u_imm_i[10]' of hierarchical cell 'EX' has no internal loads and is not connected to any nets. (LINT-60)
Warning: In design 'datapath', input pin 'EX_from_MEM_u_imm_i[9]' of hierarchical cell 'EX' has no internal loads and is not connected to any nets. (LINT-60)
Warning: In design 'datapath', input pin 'EX_from_MEM_u_imm_i[8]' of hierarchical cell 'EX' has no internal loads and is not connected to any nets. (LINT-60)
Warning: In design 'datapath', input pin 'EX_from_MEM_u_imm_i[7]' of hierarchical cell 'EX' has no internal loads and is not connected to any nets. (LINT-60)
Warning: In design 'datapath', input pin 'EX_from_MEM_u_imm_i[6]' of hierarchical cell 'EX' has no internal loads and is not connected to any nets. (LINT-60)
Warning: In design 'datapath', input pin 'EX_from_MEM_u_imm_i[5]' of hierarchical cell 'EX' has no internal loads and is not connected to any nets. (LINT-60)
Warning: In design 'datapath', input pin 'EX_from_MEM_u_imm_i[4]' of hierarchical cell 'EX' has no internal loads and is not connected to any nets. (LINT-60)
Warning: In design 'datapath', input pin 'EX_from_MEM_u_imm_i[3]' of hierarchical cell 'EX' has no internal loads and is not connected to any nets. (LINT-60)
Warning: In design 'datapath', input pin 'EX_from_MEM_u_imm_i[2]' of hierarchical cell 'EX' has no internal loads and is not connected to any nets. (LINT-60)
Warning: In design 'datapath', input pin 'EX_from_MEM_u_imm_i[1]' of hierarchical cell 'EX' has no internal loads and is not connected to any nets. (LINT-60)
Warning: In design 'datapath', input pin 'EX_from_MEM_u_imm_i[0]' of hierarchical cell 'EX' has no internal loads and is not connected to any nets. (LINT-60)
Warning: In design 'datapath', input pin 'EX_from_WB_u_imm_i[11]' of hierarchical cell 'EX' has no internal loads and is not connected to any nets. (LINT-60)
Warning: In design 'datapath', input pin 'EX_from_WB_u_imm_i[10]' of hierarchical cell 'EX' has no internal loads and is not connected to any nets. (LINT-60)
Warning: In design 'datapath', input pin 'EX_from_WB_u_imm_i[9]' of hierarchical cell 'EX' has no internal loads and is not connected to any nets. (LINT-60)
Warning: In design 'datapath', input pin 'EX_from_WB_u_imm_i[8]' of hierarchical cell 'EX' has no internal loads and is not connected to any nets. (LINT-60)
Warning: In design 'datapath', input pin 'EX_from_WB_u_imm_i[7]' of hierarchical cell 'EX' has no internal loads and is not connected to any nets. (LINT-60)
Warning: In design 'datapath', input pin 'EX_from_WB_u_imm_i[6]' of hierarchical cell 'EX' has no internal loads and is not connected to any nets. (LINT-60)
Warning: In design 'datapath', input pin 'EX_from_WB_u_imm_i[5]' of hierarchical cell 'EX' has no internal loads and is not connected to any nets. (LINT-60)
Warning: In design 'datapath', input pin 'EX_from_WB_u_imm_i[4]' of hierarchical cell 'EX' has no internal loads and is not connected to any nets. (LINT-60)
Warning: In design 'datapath', input pin 'EX_from_WB_u_imm_i[3]' of hierarchical cell 'EX' has no internal loads and is not connected to any nets. (LINT-60)
Warning: In design 'datapath', input pin 'EX_from_WB_u_imm_i[2]' of hierarchical cell 'EX' has no internal loads and is not connected to any nets. (LINT-60)
Warning: In design 'datapath', input pin 'EX_from_WB_u_imm_i[1]' of hierarchical cell 'EX' has no internal loads and is not connected to any nets. (LINT-60)
Warning: In design 'datapath', input pin 'EX_from_WB_u_imm_i[0]' of hierarchical cell 'EX' has no internal loads and is not connected to any nets. (LINT-60)
Warning: In design 'datapath', input pin 'EX_MEM_u_imm_i[11]' of hierarchical cell 'EX_MEM' has no internal loads and is not connected to any nets. (LINT-60)
Warning: In design 'datapath', input pin 'EX_MEM_u_imm_i[10]' of hierarchical cell 'EX_MEM' has no internal loads and is not connected to any nets. (LINT-60)
Warning: In design 'datapath', input pin 'EX_MEM_u_imm_i[9]' of hierarchical cell 'EX_MEM' has no internal loads and is not connected to any nets. (LINT-60)
Warning: In design 'datapath', input pin 'EX_MEM_u_imm_i[8]' of hierarchical cell 'EX_MEM' has no internal loads and is not connected to any nets. (LINT-60)
Warning: In design 'datapath', input pin 'EX_MEM_u_imm_i[7]' of hierarchical cell 'EX_MEM' has no internal loads and is not connected to any nets. (LINT-60)
Warning: In design 'datapath', input pin 'EX_MEM_u_imm_i[6]' of hierarchical cell 'EX_MEM' has no internal loads and is not connected to any nets. (LINT-60)
Warning: In design 'datapath', input pin 'EX_MEM_u_imm_i[5]' of hierarchical cell 'EX_MEM' has no internal loads and is not connected to any nets. (LINT-60)
Warning: In design 'datapath', input pin 'EX_MEM_u_imm_i[4]' of hierarchical cell 'EX_MEM' has no internal loads and is not connected to any nets. (LINT-60)
Warning: In design 'datapath', input pin 'EX_MEM_u_imm_i[3]' of hierarchical cell 'EX_MEM' has no internal loads and is not connected to any nets. (LINT-60)
Warning: In design 'datapath', input pin 'EX_MEM_u_imm_i[2]' of hierarchical cell 'EX_MEM' has no internal loads and is not connected to any nets. (LINT-60)
Warning: In design 'datapath', input pin 'EX_MEM_u_imm_i[1]' of hierarchical cell 'EX_MEM' has no internal loads and is not connected to any nets. (LINT-60)
Warning: In design 'datapath', input pin 'EX_MEM_u_imm_i[0]' of hierarchical cell 'EX_MEM' has no internal loads and is not connected to any nets. (LINT-60)
Warning: In design 'datapath', input pin 'EX_MEM_ctrl_word_i[funct3][2]' of hierarchical cell 'EX_MEM' has no internal loads and is not connected to any nets. (LINT-60)
Warning: In design 'datapath', input pin 'EX_MEM_ctrl_word_i[funct3][1]' of hierarchical cell 'EX_MEM' has no internal loads and is not connected to any nets. (LINT-60)
Warning: In design 'datapath', input pin 'EX_MEM_ctrl_word_i[funct3][0]' of hierarchical cell 'EX_MEM' has no internal loads and is not connected to any nets. (LINT-60)
Warning: In design 'datapath', input pin 'EX_MEM_ctrl_word_i[funct7][6]' of hierarchical cell 'EX_MEM' has no internal loads and is not connected to any nets. (LINT-60)
Warning: In design 'datapath', input pin 'EX_MEM_ctrl_word_i[funct7][5]' of hierarchical cell 'EX_MEM' has no internal loads and is not connected to any nets. (LINT-60)
Warning: In design 'datapath', input pin 'EX_MEM_ctrl_word_i[funct7][4]' of hierarchical cell 'EX_MEM' has no internal loads and is not connected to any nets. (LINT-60)
Warning: In design 'datapath', input pin 'EX_MEM_ctrl_word_i[funct7][3]' of hierarchical cell 'EX_MEM' has no internal loads and is not connected to any nets. (LINT-60)
Warning: In design 'datapath', input pin 'EX_MEM_ctrl_word_i[funct7][2]' of hierarchical cell 'EX_MEM' has no internal loads and is not connected to any nets. (LINT-60)
Warning: In design 'datapath', input pin 'EX_MEM_ctrl_word_i[funct7][1]' of hierarchical cell 'EX_MEM' has no internal loads and is not connected to any nets. (LINT-60)
Warning: In design 'datapath', input pin 'EX_MEM_ctrl_word_i[funct7][0]' of hierarchical cell 'EX_MEM' has no internal loads and is not connected to any nets. (LINT-60)
Warning: In design 'datapath', input pin 'EX_MEM_ctrl_word_i[pcmux_sel][1]' of hierarchical cell 'EX_MEM' has no internal loads and is not connected to any nets. (LINT-60)
Warning: In design 'datapath', input pin 'EX_MEM_ctrl_word_i[pcmux_sel][0]' of hierarchical cell 'EX_MEM' has no internal loads and is not connected to any nets. (LINT-60)
Warning: In design 'datapath', input pin 'EX_MEM_ctrl_word_i[alumux1_sel]' of hierarchical cell 'EX_MEM' has no internal loads and is not connected to any nets. (LINT-60)
Warning: In design 'datapath', input pin 'EX_MEM_ctrl_word_i[alumux2_sel][2]' of hierarchical cell 'EX_MEM' has no internal loads and is not connected to any nets. (LINT-60)
Warning: In design 'datapath', input pin 'EX_MEM_ctrl_word_i[alumux2_sel][1]' of hierarchical cell 'EX_MEM' has no internal loads and is not connected to any nets. (LINT-60)
Warning: In design 'datapath', input pin 'EX_MEM_ctrl_word_i[alumux2_sel][0]' of hierarchical cell 'EX_MEM' has no internal loads and is not connected to any nets. (LINT-60)
Warning: In design 'datapath', input pin 'EX_MEM_ctrl_word_i[cmpmux_sel]' of hierarchical cell 'EX_MEM' has no internal loads and is not connected to any nets. (LINT-60)
Warning: In design 'datapath', input pin 'EX_MEM_ctrl_word_i[aluop][2]' of hierarchical cell 'EX_MEM' has no internal loads and is not connected to any nets. (LINT-60)
Warning: In design 'datapath', input pin 'EX_MEM_ctrl_word_i[aluop][1]' of hierarchical cell 'EX_MEM' has no internal loads and is not connected to any nets. (LINT-60)
Warning: In design 'datapath', input pin 'EX_MEM_ctrl_word_i[aluop][0]' of hierarchical cell 'EX_MEM' has no internal loads and is not connected to any nets. (LINT-60)
Warning: In design 'datapath', input pin 'EX_MEM_ctrl_word_i[cmpop][2]' of hierarchical cell 'EX_MEM' has no internal loads and is not connected to any nets. (LINT-60)
Warning: In design 'datapath', input pin 'EX_MEM_ctrl_word_i[cmpop][1]' of hierarchical cell 'EX_MEM' has no internal loads and is not connected to any nets. (LINT-60)
Warning: In design 'datapath', input pin 'EX_MEM_ctrl_word_i[cmpop][0]' of hierarchical cell 'EX_MEM' has no internal loads and is not connected to any nets. (LINT-60)
Warning: In design 'datapath', input pin 'MEM_u_imm_i[11]' of hierarchical cell 'MEM' has no internal loads and is not connected to any nets. (LINT-60)
Warning: In design 'datapath', input pin 'MEM_u_imm_i[10]' of hierarchical cell 'MEM' has no internal loads and is not connected to any nets. (LINT-60)
Warning: In design 'datapath', input pin 'MEM_u_imm_i[9]' of hierarchical cell 'MEM' has no internal loads and is not connected to any nets. (LINT-60)
Warning: In design 'datapath', input pin 'MEM_u_imm_i[8]' of hierarchical cell 'MEM' has no internal loads and is not connected to any nets. (LINT-60)
Warning: In design 'datapath', input pin 'MEM_u_imm_i[7]' of hierarchical cell 'MEM' has no internal loads and is not connected to any nets. (LINT-60)
Warning: In design 'datapath', input pin 'MEM_u_imm_i[6]' of hierarchical cell 'MEM' has no internal loads and is not connected to any nets. (LINT-60)
Warning: In design 'datapath', input pin 'MEM_u_imm_i[5]' of hierarchical cell 'MEM' has no internal loads and is not connected to any nets. (LINT-60)
Warning: In design 'datapath', input pin 'MEM_u_imm_i[4]' of hierarchical cell 'MEM' has no internal loads and is not connected to any nets. (LINT-60)
Warning: In design 'datapath', input pin 'MEM_u_imm_i[3]' of hierarchical cell 'MEM' has no internal loads and is not connected to any nets. (LINT-60)
Warning: In design 'datapath', input pin 'MEM_u_imm_i[2]' of hierarchical cell 'MEM' has no internal loads and is not connected to any nets. (LINT-60)
Warning: In design 'datapath', input pin 'MEM_u_imm_i[1]' of hierarchical cell 'MEM' has no internal loads and is not connected to any nets. (LINT-60)
Warning: In design 'datapath', input pin 'MEM_u_imm_i[0]' of hierarchical cell 'MEM' has no internal loads and is not connected to any nets. (LINT-60)
Warning: In design 'datapath', input pin 'MEM_WB_u_imm_i[11]' of hierarchical cell 'MEM_WB' has no internal loads and is not connected to any nets. (LINT-60)
Warning: In design 'datapath', input pin 'MEM_WB_u_imm_i[10]' of hierarchical cell 'MEM_WB' has no internal loads and is not connected to any nets. (LINT-60)
Warning: In design 'datapath', input pin 'MEM_WB_u_imm_i[9]' of hierarchical cell 'MEM_WB' has no internal loads and is not connected to any nets. (LINT-60)
Warning: In design 'datapath', input pin 'MEM_WB_u_imm_i[8]' of hierarchical cell 'MEM_WB' has no internal loads and is not connected to any nets. (LINT-60)
Warning: In design 'datapath', input pin 'MEM_WB_u_imm_i[7]' of hierarchical cell 'MEM_WB' has no internal loads and is not connected to any nets. (LINT-60)
Warning: In design 'datapath', input pin 'MEM_WB_u_imm_i[6]' of hierarchical cell 'MEM_WB' has no internal loads and is not connected to any nets. (LINT-60)
Warning: In design 'datapath', input pin 'MEM_WB_u_imm_i[5]' of hierarchical cell 'MEM_WB' has no internal loads and is not connected to any nets. (LINT-60)
Warning: In design 'datapath', input pin 'MEM_WB_u_imm_i[4]' of hierarchical cell 'MEM_WB' has no internal loads and is not connected to any nets. (LINT-60)
Warning: In design 'datapath', input pin 'MEM_WB_u_imm_i[3]' of hierarchical cell 'MEM_WB' has no internal loads and is not connected to any nets. (LINT-60)
Warning: In design 'datapath', input pin 'MEM_WB_u_imm_i[2]' of hierarchical cell 'MEM_WB' has no internal loads and is not connected to any nets. (LINT-60)
Warning: In design 'datapath', input pin 'MEM_WB_u_imm_i[1]' of hierarchical cell 'MEM_WB' has no internal loads and is not connected to any nets. (LINT-60)
Warning: In design 'datapath', input pin 'MEM_WB_u_imm_i[0]' of hierarchical cell 'MEM_WB' has no internal loads and is not connected to any nets. (LINT-60)
Warning: In design 'datapath', input pin 'WB_u_imm_i[11]' of hierarchical cell 'WB' has no internal loads and is not connected to any nets. (LINT-60)
Warning: In design 'datapath', input pin 'WB_u_imm_i[10]' of hierarchical cell 'WB' has no internal loads and is not connected to any nets. (LINT-60)
Warning: In design 'datapath', input pin 'WB_u_imm_i[9]' of hierarchical cell 'WB' has no internal loads and is not connected to any nets. (LINT-60)
Warning: In design 'datapath', input pin 'WB_u_imm_i[8]' of hierarchical cell 'WB' has no internal loads and is not connected to any nets. (LINT-60)
Warning: In design 'datapath', input pin 'WB_u_imm_i[7]' of hierarchical cell 'WB' has no internal loads and is not connected to any nets. (LINT-60)
Warning: In design 'datapath', input pin 'WB_u_imm_i[6]' of hierarchical cell 'WB' has no internal loads and is not connected to any nets. (LINT-60)
Warning: In design 'datapath', input pin 'WB_u_imm_i[5]' of hierarchical cell 'WB' has no internal loads and is not connected to any nets. (LINT-60)
Warning: In design 'datapath', input pin 'WB_u_imm_i[4]' of hierarchical cell 'WB' has no internal loads and is not connected to any nets. (LINT-60)
Warning: In design 'datapath', input pin 'WB_u_imm_i[3]' of hierarchical cell 'WB' has no internal loads and is not connected to any nets. (LINT-60)
Warning: In design 'datapath', input pin 'WB_u_imm_i[2]' of hierarchical cell 'WB' has no internal loads and is not connected to any nets. (LINT-60)
Warning: In design 'datapath', input pin 'WB_u_imm_i[1]' of hierarchical cell 'WB' has no internal loads and is not connected to any nets. (LINT-60)
Warning: In design 'datapath', input pin 'WB_u_imm_i[0]' of hierarchical cell 'WB' has no internal loads and is not connected to any nets. (LINT-60)
Warning: In design 'cache_interface', input pin 'instr_mem_write' of hierarchical cell 'arbiter' has no internal loads and is not connected to any nets. (LINT-60)
Warning: In design 'cache_0', input pin 'dirty_out' of hierarchical cell 'control' has no internal loads and is not connected to any nets. (LINT-60)
1
