Warning: There are 6 switching activity information conflicts. (PWR-19)
Information: Propagating switching activity (high effort zero delay simulation). (PWR-6)
Warning: Invalid switching activity annotation on constant net(s) is being ignored. (PWR-421)
 
****************************************
Report : power
        -hier
        -analysis_effort high
Design : mp4
Version: R-2020.09-SP4
Date   : Sun Dec 11 23:12:39 2022
****************************************


Library(s) Used:

    NangateOpenCellLibrary (File: /class/ece411/freepdk-45nm/stdcells.db)


Operating Conditions: typical   Library: NangateOpenCellLibrary
Wire Load Model Mode: top

Design        Wire Load Model            Library
------------------------------------------------
mp4                    5K_hvratio_1_1    NangateOpenCellLibrary


Global Operating Voltage = 1.1  
Power-specific unit information :
    Voltage Units = 1V
    Capacitance Units = 1.000000ff
    Time Units = 1ns
    Dynamic Power Units = 1uW    (derived from V,C,T units)
    Leakage Power Units = 1nW


--------------------------------------------------------------------------------
                                       Switch   Int      Leak     Total
Hierarchy                              Power    Power    Power    Power    %
--------------------------------------------------------------------------------
mp4                                    1.39e+03 2.90e+03 2.14e+06 6.44e+03 100.0
  cache (cache_interface)               850.086 1.91e+03 1.88e+06 4.64e+03  72.1
    cacheline_adaptor (cacheline_adaptor)
                                          2.272    8.925 1.55e+04   26.740   0.4
    arbiter (arbiter)                     1.993    5.020 2.47e+04   31.739   0.5
    instruction_cache (cache_0)         281.241  830.673 9.09e+05 2.02e+03  31.4
      bus (line_adapter_0)               13.372    9.384 5.12e+03   27.876   0.4
      datapath (cache_datapath_0)       267.821  819.952 9.03e+05 1.99e+03  30.9
        valid (array_width1_1)            1.903    2.547 6.13e+03   10.575   0.2
        tag (array_width22_0)             4.085   36.393 6.90e+04  109.461   1.7
        DM_cache (data_array_0)         261.697  780.947 8.21e+05 1.86e+03  29.0
      control (cache_control_0)        4.90e-02    1.337  198.628    1.584   0.0
    data_cache (cache_1)                564.581 1.07e+03 9.32e+05 2.56e+03  39.8
      bus (line_adapter_1)               26.481   13.907 5.78e+03   46.172   0.7
      datapath (cache_datapath_1)       537.273 1.05e+03 9.26e+05 2.52e+03  39.1
        dirty (array_width1_2)            9.416   17.323 5.97e+03   32.711   0.5
        valid (array_width1_3)            6.182    5.886 6.09e+03   18.153   0.3
        tag (array_width22_1)            13.496   41.171 7.10e+04  125.684   2.0
        DM_cache (data_array_1)         484.881  975.328 8.28e+05 2.29e+03  35.5
      control (cache_control_1)           0.826    1.272  380.568    2.478   0.0
  d0 (datapath)                         542.855  986.562 2.63e+05 1.79e+03  27.8
    stall_for_mem (stall_for_mem)         0.391    1.702  217.071    2.310   0.0
    hazard_detector (hazard_detector)     3.237    3.685 1.08e+03    8.005   0.1
    forwarding (forwarder)               11.868   11.160 3.84e+03   26.871   0.4
    WB (WB)                              21.144    8.070 6.70e+03   35.909   0.6
    MEM_WB (MEM_WB)                      59.757  138.131 1.38e+04  211.658   3.3
    MEM (MEM)                             7.875    4.560 2.31e+03   14.750   0.2
    EX_MEM (EX_MEM)                      58.243  145.485 1.47e+04  218.470   3.4
    EX (EX)                             105.211   80.342 3.64e+04  221.985   3.4
      alu (alu)                          70.193   51.889 2.25e+04  144.627   2.2
    ID_EX (ID_EX)                        99.502  278.760 2.53e+04  403.531   6.3
    ID (ID)                             130.164  228.904 1.45e+05  503.692   7.8
      branch_resolver (branch_resolver)
                                          1.497    1.197 2.75e+03    5.444   0.1
        adder (adder_width20)          8.20e-02    0.227 1.01e+03    1.317   0.0
      regfile (regfile)                  79.937  191.166 1.25e+05  396.201   6.2
      cmp_id (cmp)                       17.956   19.368 6.72e+03   44.040   0.7
      ctrl_rom (control_rom)              4.470    2.609 1.35e+03    8.424   0.1
    IF_ID (IF_ID)                        30.514   56.559 6.53e+03   93.608   1.5
    IF (IF)                              14.699   29.096 7.25e+03   51.044   0.8
      pc_register (pc_register)          11.646   26.163 3.28e+03   41.087   0.6
1
